I'm sorry, but errors were detected in your script. Please correct the
errors listed below, and try again.


File "game/script.rpy", line 97: end of line expected.
    show christine smile with dissolve at right 
                                       ^

File "game/script.rpy", line 98: end of line expected.
    show joshua smile with dissolve at left
                                    ^

Ren'Py Version: Ren'Py 8.3.2.24090902
Mon Oct 14 21:36:33 2024
